

*********************************
**Load Test Configuration: num_itterations=1, num_users=1, delay_between_users=1 seconds.
**Begining Itteration 1 -  04/02/16 @ 18:50:31 
Thread 1 executed example/google_search.rb FAILED - Duration = 0.331318seconds
**Finished Itteration 1. 0 out of 1 tests Passed -  04/02/16 @ 18:50:32 
**Load Test complete.  0 out of 1 tests Passed


*********************************
**Load Test Configuration: num_itterations=1, num_users=1, delay_between_users=1 seconds.
**Begining Itteration 1 -  04/02/16 @ 19:52:28 
Thread 1 executed example/google_search.rb FAILED - Duration = 0.25842seconds
**Finished Itteration 1. 0 out of 1 tests Passed -  04/02/16 @ 19:52:29 
**Load Test complete.  0 out of 1 tests Passed


*********************************
**Load Test Configuration: num_itterations=1, num_users=1, delay_between_users=1 seconds.
**Begining Itteration 1 -  04/02/16 @ 19:53:06 
Thread 1 executed example/google_search.rb FAILED - Duration = 9.14213seconds
**Finished Itteration 1. 0 out of 1 tests Passed -  04/02/16 @ 19:53:15 
**Load Test complete.  0 out of 1 tests Passed


*********************************
**Load Test Configuration: num_itterations=1, num_users=1, delay_between_users=1 seconds.
**Begining Itteration 1 -  04/02/16 @ 19:54:25 
Thread 1 executed example/google_search.rb Successfully - Duration = 11.582969seconds
**Finished Itteration 1. 1 out of 1 tests Passed -  04/02/16 @ 19:54:37 
**Load Test complete.  1 out of 1 tests Passed


*********************************
**Load Test Configuration: num_itterations=3, num_users=5, delay_between_users=1 seconds.
**Begining Itteration 1 -  04/02/16 @ 19:55:16 
Thread 5 executed example/google_search.rb Successfully - Duration = 18.001109seconds
Thread 5 executed example/google_search.rb Successfully - Duration = 19.158035seconds
Thread 5 executed example/google_search.rb Successfully - Duration = 23.088814seconds
Thread 5 executed example/google_search.rb Successfully - Duration = 24.802311seconds
Thread 5 executed example/google_search.rb Successfully - Duration = 29.369911seconds
**Finished Itteration 1. 5 out of 5 tests Passed -  04/02/16 @ 19:55:46 
**Begining Itteration 2 -  04/02/16 @ 19:55:46 
Thread 5 executed example/google_search.rb Successfully - Duration = 12.500981seconds
Thread 5 executed example/google_search.rb Successfully - Duration = 16.142303seconds
Thread 5 executed example/google_search.rb Successfully - Duration = 17.138066seconds
Thread 5 executed example/google_search.rb Successfully - Duration = 21.312213seconds
Thread 5 executed example/google_search.rb Successfully - Duration = 19.491826seconds
**Finished Itteration 2. 5 out of 5 tests Passed -  04/02/16 @ 19:56:09 
**Begining Itteration 3 -  04/02/16 @ 19:56:09 
Thread 5 executed example/google_search.rb Successfully - Duration = 15.779315seconds
Thread 5 executed example/google_search.rb Successfully - Duration = 19.721609seconds
Thread 5 executed example/google_search.rb Successfully - Duration = 19.808708seconds
Thread 5 executed example/google_search.rb Successfully - Duration = 23.604243seconds
Thread 5 executed example/google_search.rb Successfully - Duration = 28.629618seconds
**Finished Itteration 3. 5 out of 5 tests Passed -  04/02/16 @ 19:56:39 
**Load Test complete.  15 out of 15 tests Passed
